// Jest Snapshot v1, https://goo.gl/fbAQLP

exports[`[Queries.WeatherMapAPI] Access current weather data for any location 1`] = `
Object {
  "data": undefined,
  "errors": Array [
    [UserInputError: Variable "$country" of required type "String!" was not provided.],
  ],
  "extensions": undefined,
  "http": Object {
    "headers": Headers {
      Symbol(map): Object {},
    },
  },
}
`;
